<!-- Dummy file -->
<script type="text/javascript" src="/file-to-hash-79d310bfe9ba9930c28043700467788e.js"></script>